jang@ubuntu:~$ ssh -p 2220 bandit16@bandit.labs.overthewire.org
This is a OverTheWire game server. More information on http://www.overthewire.org/wargames

bandit16@bandit.labs.overthewire.org's password: 
Linux bandit.otw.local 5.4.8 x86_64 GNU/Linux

      ,----..            ,----,          .---.
     /   /   \         ,/   .`|         /. ./|
    /   .     :      ,`   .'  :     .--'.  ' ;
   .   /   ;.  \   ;    ;     /    /__./ \ : |
  .   ;   /  ` ; .'___,/    ,' .--'.  '   \' .
  ;   |  ; \ ; | |    :     | /___/ \ |    ' '
  |   :  | ; | ' ;    |.';  ; ;   \  \;      :
  .   |  ' ' ' : `----'  |  |  \   ;  `      |
  '   ;  \; /  |     '   :  ;   .   \    .\  ;
   \   \  ',  /      |   |  '    \   \   ' \ |
    ;   :    /       '   :  |     :   '  |--"
     \   \ .'        ;   |.'       \   \ ;
  www. `---` ver     '---' he       '---" ire.org


Welcome to OverTheWire!

If you find any problems, please report them to Steven or morla on
irc.overthewire.org.

--[ Playing the games ]--

  This machine might hold several wargames.
  If you are playing "somegame", then:

    * USERNAMES are somegame0, somegame1, ...
    * Most LEVELS are stored in /somegame/.
    * PASSWORDS for each level are stored in /etc/somegame_pass/.

  Write-access to homedirectories is disabled. It is advised to create a
  working directory with a hard-to-guess name in /tmp/.  You can use the
  command "mktemp -d" in order to generate a random and hard to guess
  directory in /tmp/.  Read-access to both /tmp/ and /proc/ is disabled
  so that users can not snoop on eachother. Files and directories with
  easily guessable or short names will be periodically deleted!

  Please play nice:

    * don't leave orphan processes running
    * don't leave exploit-files laying around
    * don't annoy other players
    * don't post passwords or spoilers
    * again, DONT POST SPOILERS!
      This includes writeups of your solution on your blog or website!

--[ Tips ]--

  This machine has a 64bit processor and many security-features enabled
  by default, although ASLR has been switched off.  The following
  compiler flags might be interesting:

    -m32                    compile for 32bit
    -fno-stack-protector    disable ProPolice
    -Wl,-z,norelro          disable relro

  In addition, the execstack tool can be used to flag the stack as
  executable on ELF binaries.

  Finally, network-access is limited for most levels by a local
  firewall.

--[ Tools ]--

 For your convenience we have installed a few usefull tools which you can find
 in the following locations:

    * gef (https://github.com/hugsy/gef) in /usr/local/gef/
    * pwndbg (https://github.com/pwndbg/pwndbg) in /usr/local/pwndbg/
    * peda (https://github.com/longld/peda.git) in /usr/local/peda/
    * gdbinit (https://github.com/gdbinit/Gdbinit) in /usr/local/gdbinit/
    * pwntools (https://github.com/Gallopsled/pwntools)
    * radare2 (http://www.radare.org/)
    * checksec.sh (http://www.trapkit.de/tools/checksec.html) in /usr/local/bin/checksec.sh

--[ More information ]--

  For more information regarding individual wargames, visit
  http://www.overthewire.org/wargames/

  For support, questions or comments, contact us through IRC on
  irc.overthewire.org #wargames.

  Enjoy your stay!

bandit16@bandit:~$ ls
bandit16@bandit:~$ nc -zvnw 1 127.0.0.1 31000-32000
(UNKNOWN) [127.0.0.1] 31960 (?) open
(UNKNOWN) [127.0.0.1] 31790 (?) open
(UNKNOWN) [127.0.0.1] 31691 (?) open
(UNKNOWN) [127.0.0.1] 31518 (?) open
(UNKNOWN) [127.0.0.1] 31046 (?) open
bandit16@bandit:~$ nc 127.0.0.1 31790
  Enjoy your stay!
bandit16@bandit:~$ nc 127.0.0.1 31790


cluFn7wTiGryunymYOu4RcffSxQluehd
bandit16@bandit:~$ nc 127.0.0.1 31518
cluFn7wTiGryunymYOu4RcffSxQluehd
bandit16@bandit:~$ openssl s_client -connect localhost:31790
CONNECTED(00000003)
depth=0 CN = localhost
verify error:num=18:self signed certificate
verify return:1
depth=0 CN = localhost
verify return:1
---
Certificate chain
 0 s:/CN=localhost
   i:/CN=localhost
---
Server certificate
-----BEGIN CERTIFICATE-----
MIICBjCCAW+gAwIBAgIEatsK7TANBgkqhkiG9w0BAQUFADAUMRIwEAYDVQQDDAls
b2NhbGhvc3QwHhcNMjEwODA1MjEyMzAxWhcNMjIwODA1MjEyMzAxWjAUMRIwEAYD
VQQDDAlsb2NhbGhvc3QwgZ8wDQYJKoZIhvcNAQEBBQADgY0AMIGJAoGBALbshxNY
mdJ/7RpASCHk+XULoBymcRoKY9tPU25zhhPmrFAyv0HNXG/GqPjOxI4MHG627HOf
b00a/ikeDUTVdCiDXhungyUx6W07H3uiHHbfNLs1QGl2GPdBVA+z5DZcNsWJ1QB5
888HEzp8YNWyeHnP+5gy5LqlX5hUkF1eu6C1AgMBAAGjZTBjMBQGA1UdEQQNMAuC
CWxvY2FsaG9zdDBLBglghkgBhvhCAQ0EPhY8QXV0b21hdGljYWxseSBnZW5lcmF0
ZWQgYnkgTmNhdC4gU2VlIGh0dHBzOi8vbm1hcC5vcmcvbmNhdC8uMA0GCSqGSIb3
DQEBBQUAA4GBABVCD/dhWpgN9KC5Eb6hd9ToreRhof44OQaHalJtsayPBBMTK3Lp
KC88rNVJW+cX0z+eUe6en0RIvU56dLNT+zm9cbDvCV1cumz4++nauWes/11eA5aG
2NNgKQHYvT+bOfo3lhOQNwtzpO4MX1sGMjO4dlS4AmxTdjz0UVUPLamk
-----END CERTIFICATE-----
subject=/CN=localhost
issuer=/CN=localhost
---
No client certificate CA names sent
Peer signing digest: SHA512
Server Temp Key: X25519, 253 bits
---
SSL handshake has read 1019 bytes and written 269 bytes
Verification error: self signed certificate
---
New, TLSv1.2, Cipher is ECDHE-RSA-AES256-GCM-SHA384
Server public key is 1024 bit
Secure Renegotiation IS supported
Compression: NONE
Expansion: NONE
No ALPN negotiated
SSL-Session:
    Protocol  : TLSv1.2
    Cipher    : ECDHE-RSA-AES256-GCM-SHA384
    Session-ID: 5C5BC24E7856D4997AB8E4EE405F3D227E340E792EFA32557D8EFEE567F7429C
    Session-ID-ctx: 
    Master-Key: CA6CC32936D9385D4E75E677DEFDCFFEC38F98C5F3040749F22D96E12B8D39A1E20A0A1993FD6B5787FF9809566277E0
    PSK identity: None
    PSK identity hint: None
    SRP username: None
    TLS session ticket lifetime hint: 7200 (seconds)
    TLS session ticket:
    0000 - 30 d5 a9 3d 7d a2 f1 16-f5 b3 32 79 c1 92 42 1a   0..=}.....2y..B.
    0010 - da c0 a2 34 8c 8e ec 39-43 d6 6b 08 db 08 15 f0   ...4...9C.k.....
    0020 - 59 c8 f0 2e 01 a5 3a 69-aa ba 3e 62 e3 b7 b6 fa   Y.....:i..>b....
    0030 - c9 94 ee 38 65 e9 a9 10-d4 95 1f e2 59 65 62 7b   ...8e.......Yeb{
    0040 - 62 30 01 c7 3c d2 0d 8a-04 ad 87 66 4f eb 0e fb   b0..<......fO...
    0050 - 50 db a9 b2 ad 73 3a 69-87 f5 e6 6a 6f bb 8b 3b   P....s:i...jo..;
    0060 - 73 a6 32 34 db dd ef 3a-a9 fd 04 eb bd 81 4e 73   s.24...:......Ns
    0070 - 13 6c d8 a2 15 f3 55 3b-4a a3 7e a7 dd c5 70 4c   .l....U;J.~...pL
    0080 - d7 d4 9a 5f e4 60 18 ba-aa 9b 3a 1d 7e 97 c6 2b   ..._.`....:.~..+
    0090 - da 5a d8 d6 e4 40 7c 3e-0a 05 9b c0 e0 a8 3a f7   .Z...@|>......:.

    Start Time: 1628214186
    Timeout   : 7200 (sec)
    Verify return code: 18 (self signed certificate)
    Extended master secret: yes
---
cluFn7wTiGryunymYOu4RcffSxQluehd
Correct!
-----BEGIN RSA PRIVATE KEY-----
MIIEogIBAAKCAQEAvmOkuifmMg6HL2YPIOjon6iWfbp7c3jx34YkYWqUH57SUdyJ
imZzeyGC0gtZPGujUSxiJSWI/oTqexh+cAMTSMlOJf7+BrJObArnxd9Y7YT2bRPQ
Ja6Lzb558YW3FZl87ORiO+rW4LCDCNd2lUvLE/GL2GWyuKN0K5iCd5TbtJzEkQTu
DSt2mcNn4rhAL+JFr56o4T6z8WWAW18BR6yGrMq7Q/kALHYW3OekePQAzL0VUYbW
JGTi65CxbCnzc/w4+mqQyvmzpWtMAzJTzAzQxNbkR2MBGySxDLrjg0LWN6sK7wNX
x0YVztz/zbIkPjfkU1jHS+9EbVNj+D1XFOJuaQIDAQABAoIBABagpxpM1aoLWfvD
KHcj10nqcoBc4oE11aFYQwik7xfW+24pRNuDE6SFthOar69jp5RlLwD1NhPx3iBl
J9nOM8OJ0VToum43UOS8YxF8WwhXriYGnc1sskbwpXOUDc9uX4+UESzH22P29ovd
d8WErY0gPxun8pbJLmxkAtWNhpMvfe0050vk9TL5wqbu9AlbssgTcCXkMQnPw9nC
YNN6DDP2lbcBrvgT9YCNL6C+ZKufD52yOQ9qOkwFTEQpjtF4uNtJom+asvlpmS8A
vLY9r60wYSvmZhNqBUrj7lyCtXMIu1kkd4w7F77k+DjHoAXyxcUp1DGL51sOmama
+TOWWgECgYEA8JtPxP0GRJ+IQkX262jM3dEIkza8ky5moIwUqYdsx0NxHgRRhORT
8c8hAuRBb2G82so8vUHk/fur85OEfc9TncnCY2crpoqsghifKLxrLgtT+qDpfZnx
SatLdt8GfQ85yA7hnWWJ2MxF3NaeSDm75Lsm+tBbAiyc9P2jGRNtMSkCgYEAypHd
HCctNi/FwjulhttFx/rHYKhLidZDFYeiE/v45bN4yFm8x7R/b0iE7KaszX+Exdvt
SghaTdcG0Knyw1bpJVyusavPzpaJMjdJ6tcFhVAbAjm7enCIvGCSx+X3l5SiWg0A
R57hJglezIiVjv3aGwHwvlZvtszK6zV6oXFAu0ECgYAbjo46T4hyP5tJi93V5HDi
Ttiek7xRVxUl+iU7rWkGAXFpMLFteQEsRr7PJ/lemmEY5eTDAFMLy9FL2m9oQWCg
R8VdwSk8r9FGLS+9aKcV5PI/WEKlwgXinB3OhYimtiG2Cg5JCqIZFHxD6MjEGOiu
L8ktHMPvodBwNsSBULpG0QKBgBAplTfC1HOnWiMGOU3KPwYWt0O6CdTkmJOmL8Ni
blh9elyZ9FsGxsgtRBXRsqXuz7wtsQAgLHxbdLq/ZJQ7YfzOKU4ZxEnabvXnvWkU
YOdjHdSOoKvDQNWu6ucyLRAWFuISeXw9a/9p7ftpxm0TSgyvmfLF2MIAEwyzRqaM
77pBAoGAMmjmIJdjp+Ez8duyn3ieo36yrttF5NSsJLAbxFpdlc1gvtGCWW+9Cq0b
dxviW8+TFVEBl1O4f7HVm6EpTscdDxU+bCXWkfjuRb7Dy9GOtt9JPsX8MBTakzh3
vBgsyi/sN3RqRBcGU40fOoZyfAMT8s1m/uYv52O6IgeuZ/ujbjY=
-----END RSA PRIVATE KEY-----

closed
bandit16@bandit:~$ ls -a
.  ..  .bandit15.password  .bash_logout  .bashrc  .profile
bandit16@bandit:~$ 
bandit16@bandit:~$ 
bandit16@bandit:~$ 
bandit16@bandit:~$ 
bandit16@bandit:~$ 
bandit16@bandit:~$ 
bandit16@bandit:~$ 
bandit16@bandit:~$ 
bandit16@bandit:~$ 
bandit16@bandit:~$ 
bandit16@bandit:~$ 
bandit16@bandit:~$ mkdir /tmp/level15
bandit16@bandit:~$ ls /tmp/level15
bandit16@bandit:~$ cd /tmp/level15
bandit16@bandit:/tmp/level15$ vi raskey
bandit16@bandit:/tmp/level15$ ssh -i rsakey bandit17@127.0.0.1
Warning: Identity file rsakey not accessible: No such file or directory.
Could not create directory '/home/bandit16/.ssh'.
The authenticity of host '127.0.0.1 (127.0.0.1)' can't be established.
ECDSA key fingerprint is SHA256:98UL0ZWr85496EtCRkKlo20X3OPnyPSB5tB5RPbhczc.
Are you sure you want to continue connecting (yes/no)? yes
Failed to add the host to the list of known hosts (/home/bandit16/.ssh/known_hosts).
This is a OverTheWire game server. More information on http://www.overthewire.org/wargames

bandit17@127.0.0.1's password: 

bandit16@bandit:/tmp/level15$ cd ..
bandit16@bandit:/tmp$ cd ..
bandit16@bandit:/$ cd ..
bandit16@bandit:/$ chmod 700 /tmp/level15/rsakey
chmod: cannot access '/tmp/level15/rsakey': No such file or directory
bandit16@bandit:/$ chmod 700 tmp/level15/rsakey
chmod: cannot access 'tmp/level15/rsakey': No such file or directory
bandit16@bandit:/$ cd tp
-bash: cd: tp: No such file or directory
bandit16@bandit:/$ cd tmp
bandit16@bandit:/tmp$ cd level15
bandit16@bandit:/tmp/level15$ chmod 700 rsakey
chmod: cannot access 'rsakey': No such file or directory
bandit16@bandit:/tmp/level15$ chmod 700 ./rsakey
chmod: cannot access './rsakey': No such file or directory
bandit16@bandit:/tmp/level15$ chmod 700 raskey
bandit16@bandit:/tmp/level15$ ssh -i raskey bandit17@127.0.0.1
Could not create directory '/home/bandit16/.ssh'.
The authenticity of host '127.0.0.1 (127.0.0.1)' can't be established.
ECDSA key fingerprint is SHA256:98UL0ZWr85496EtCRkKlo20X3OPnyPSB5tB5RPbhczc.
Are you sure you want to continue connecting (yes/no)? yes
Failed to add the host to the list of known hosts (/home/bandit16/.ssh/known_hosts).
This is a OverTheWire game server. More information on http://www.overthewire.org/wargames

Linux bandit.otw.local 5.4.8 x86_64 GNU/Linux

      ,----..            ,----,          .---.
     /   /   \         ,/   .`|         /. ./|
    /   .     :      ,`   .'  :     .--'.  ' ;
   .   /   ;.  \   ;    ;     /    /__./ \ : |
  .   ;   /  ` ; .'___,/    ,' .--'.  '   \' .
  ;   |  ; \ ; | |    :     | /___/ \ |    ' '
  |   :  | ; | ' ;    |.';  ; ;   \  \;      :
  .   |  ' ' ' : `----'  |  |  \   ;  `      |
  '   ;  \; /  |     '   :  ;   .   \    .\  ;
   \   \  ',  /      |   |  '    \   \   ' \ |
    ;   :    /       '   :  |     :   '  |--"
     \   \ .'        ;   |.'       \   \ ;
  www. `---` ver     '---' he       '---" ire.org


Welcome to OverTheWire!

If you find any problems, please report them to Steven or morla on
irc.overthewire.org.

--[ Playing the games ]--

  This machine might hold several wargames.
  If you are playing "somegame", then:

    * USERNAMES are somegame0, somegame1, ...
    * Most LEVELS are stored in /somegame/.
    * PASSWORDS for each level are stored in /etc/somegame_pass/.

  Write-access to homedirectories is disabled. It is advised to create a
  working directory with a hard-to-guess name in /tmp/.  You can use the
  command "mktemp -d" in order to generate a random and hard to guess
  directory in /tmp/.  Read-access to both /tmp/ and /proc/ is disabled
  so that users can not snoop on eachother. Files and directories with
  easily guessable or short names will be periodically deleted!

  Please play nice:

    * don't leave orphan processes running
    * don't leave exploit-files laying around
    * don't annoy other players
    * don't post passwords or spoilers
    * again, DONT POST SPOILERS!
      This includes writeups of your solution on your blog or website!

--[ Tips ]--

  This machine has a 64bit processor and many security-features enabled
  by default, although ASLR has been switched off.  The following
  compiler flags might be interesting:

    -m32                    compile for 32bit
    -fno-stack-protector    disable ProPolice
    -Wl,-z,norelro          disable relro

  In addition, the execstack tool can be used to flag the stack as
  executable on ELF binaries.

  Finally, network-access is limited for most levels by a local
  firewall.

--[ Tools ]--

 For your convenience we have installed a few usefull tools which you can find
 in the following locations:

    * gef (https://github.com/hugsy/gef) in /usr/local/gef/
    * pwndbg (https://github.com/pwndbg/pwndbg) in /usr/local/pwndbg/
    * peda (https://github.com/longld/peda.git) in /usr/local/peda/
    * gdbinit (https://github.com/gdbinit/Gdbinit) in /usr/local/gdbinit/
    * pwntools (https://github.com/Gallopsled/pwntools)
    * radare2 (http://www.radare.org/)
    * checksec.sh (http://www.trapkit.de/tools/checksec.html) in /usr/local/bin/checksec.sh

--[ More information ]--

  For more information regarding individual wargames, visit
  http://www.overthewire.org/wargames/

  For support, questions or comments, contact us through IRC on
  irc.overthewire.org #wargames.

  Enjoy your stay!

bandit17@bandit:~$ cat /etc/bandit_pass/bandit17
xLYVMN9WE5zQ5vHacb0sZEVqbrp7nBTn
bandit17@bandit:~$ 

