jang@ubuntu:~$ ssh -p 2220 bandit4@bandit.labs.overthewire.org
This is a OverTheWire game server. More information on http://www.overthewire.org/wargames

bandit4@bandit.labs.overthewire.org's password: 
Linux bandit.otw.local 5.4.8 x86_64 GNU/Linux

      ,----..            ,----,          .---.
     /   /   \         ,/   .`|         /. ./|
    /   .     :      ,`   .'  :     .--'.  ' ;
   .   /   ;.  \   ;    ;     /    /__./ \ : |
  .   ;   /  ` ; .'___,/    ,' .--'.  '   \' .
  ;   |  ; \ ; | |    :     | /___/ \ |    ' '
  |   :  | ; | ' ;    |.';  ; ;   \  \;      :
  .   |  ' ' ' : `----'  |  |  \   ;  `      |
  '   ;  \; /  |     '   :  ;   .   \    .\  ;
   \   \  ',  /      |   |  '    \   \   ' \ |
    ;   :    /       '   :  |     :   '  |--"
     \   \ .'        ;   |.'       \   \ ;
  www. `---` ver     '---' he       '---" ire.org


Welcome to OverTheWire!

If you find any problems, please report them to Steven or morla on
irc.overthewire.org.

--[ Playing the games ]--

  This machine might hold several wargames.
  If you are playing "somegame", then:

    * USERNAMES are somegame0, somegame1, ...
    * Most LEVELS are stored in /somegame/.
    * PASSWORDS for each level are stored in /etc/somegame_pass/.

  Write-access to homedirectories is disabled. It is advised to create a
  working directory with a hard-to-guess name in /tmp/.  You can use the
  command "mktemp -d" in order to generate a random and hard to guess
  directory in /tmp/.  Read-access to both /tmp/ and /proc/ is disabled
  so that users can not snoop on eachother. Files and directories with
  easily guessable or short names will be periodically deleted!

  Please play nice:

    * don't leave orphan processes running
    * don't leave exploit-files laying around
    * don't annoy other players
    * don't post passwords or spoilers
    * again, DONT POST SPOILERS!
      This includes writeups of your solution on your blog or website!

--[ Tips ]--

  This machine has a 64bit processor and many security-features enabled
  by default, although ASLR has been switched off.  The following
  compiler flags might be interesting:

    -m32                    compile for 32bit
    -fno-stack-protector    disable ProPolice
    -Wl,-z,norelro          disable relro

  In addition, the execstack tool can be used to flag the stack as
  executable on ELF binaries.

  Finally, network-access is limited for most levels by a local
  firewall.

--[ Tools ]--

 For your convenience we have installed a few usefull tools which you can find
 in the following locations:

    * gef (https://github.com/hugsy/gef) in /usr/local/gef/
    * pwndbg (https://github.com/pwndbg/pwndbg) in /usr/local/pwndbg/
    * peda (https://github.com/longld/peda.git) in /usr/local/peda/
    * gdbinit (https://github.com/gdbinit/Gdbinit) in /usr/local/gdbinit/
    * pwntools (https://github.com/Gallopsled/pwntools)
    * radare2 (http://www.radare.org/)
    * checksec.sh (http://www.trapkit.de/tools/checksec.html) in /usr/local/bin/checksec.sh

--[ More information ]--

  For more information regarding individual wargames, visit
  http://www.overthewire.org/wargames/

  For support, questions or comments, contact us through IRC on
  irc.overthewire.org #wargames.

  Enjoy your stay!

bandit4@bandit:~$ ls
inhere
bandit4@bandit:~$ cd inhere
bandit4@bandit:~/inhere$ ls
-file00  -file02  -file04  -file06  -file08
-file01  -file03  -file05  -file07  -file09
bandit4@bandit:~/inhere$ exit
logout
Connection to bandit.labs.overthewire.org closed.
jang@ubuntu:~$ sftp -P 2220 bandit4@bandit.labs.overthewire.org
This is a OverTheWire game server. More information on http://www.overthewire.org/wargames

bandit4@bandit.labs.overthewire.org's password: 
Permission denied, please try again.
bandit4@bandit.labs.overthewire.org's password: 
Connected to bandit.labs.overthewire.org.
sftp> ls
inhere  
sftp> cd inhere
sftp> ls
-file00   -file01   -file02   -file03   -file04   -file05   -file06   -file07   
-file08   -file09   
sftp> get *
Fetching /home/bandit4/inhere/-file00 to -file00
/home/bandit4/inhere/-file00                  100%   33     0.1KB/s   00:00    
Fetching /home/bandit4/inhere/-file01 to -file01
/home/bandit4/inhere/-file01                  100%   33     0.1KB/s   00:00    
Fetching /home/bandit4/inhere/-file02 to -file02
/home/bandit4/inhere/-file02                  100%   33     0.1KB/s   00:00    
Fetching /home/bandit4/inhere/-file03 to -file03
/home/bandit4/inhere/-file03                  100%   33     0.1KB/s   00:00    
Fetching /home/bandit4/inhere/-file04 to -file04
/home/bandit4/inhere/-file04                  100%   33     0.1KB/s   00:00    
Fetching /home/bandit4/inhere/-file05 to -file05
/home/bandit4/inhere/-file05                  100%   33     0.1KB/s   00:00    
Fetching /home/bandit4/inhere/-file06 to -file06
/home/bandit4/inhere/-file06                  100%   33     0.1KB/s   00:00    
Fetching /home/bandit4/inhere/-file07 to -file07
/home/bandit4/inhere/-file07                  100%   33     0.1KB/s   00:00    
Fetching /home/bandit4/inhere/-file08 to -file08
/home/bandit4/inhere/-file08                  100%   33     0.1KB/s   00:00    
Fetching /home/bandit4/inhere/-file09 to -file09
/home/bandit4/inhere/-file09                  100%   33     0.0KB/s   00:00    
sftp> bye
jang@ubuntu:~$ 
